timeout : 오류: 구문이 잘못되었습니다. 기본 옵션은 '1'번 이상 허용되지 않습니다.
위치 줄:1 문자:1
+ timeout 180 C:/AI/dev5/.venv/Scripts/python.exe test_prescription_loc ...
+ ~~~~~~~~~~~~~~~~~~~~~~~~~~~~~~~~~~~~~~~~~~~~~~~~~~~~~~~~~~~~~~~~~~~~~
    + CategoryInfo          : NotSpecified: (오류: 구문이 잘못되었습니다...번 이상 허용되지 않습니다. 
   :String) [], RemoteException
    + FullyQualifiedErrorId : NativeCommandError
 
사용법을 보려면 "TIMEOUT /?"를 입력하십시오.
